<?xml version="1.0" encoding="UTF-8"?>
<testsuites name="jest tests" tests="5" failures="0" errors="0" time="0.339">
  <testsuite name="Todo App" errors="0" failures="0" skipped="0" timestamp="2023-09-19T10:33:54" time="0.311" tests="5">
    <testcase classname="Todo App Adding a task" name="Todo App Adding a task" time="0.006">
    </testcase>
    <testcase classname="Todo App Removing a task" name="Todo App Removing a task" time="0.001">
    </testcase>
    <testcase classname="Todo App Removing a non-existent task" name="Todo App Removing a non-existent task" time="0">
    </testcase>
    <testcase classname="Todo App Adding tasks with special characters" name="Todo App Adding tasks with special characters" time="0.001">
    </testcase>
    <testcase classname="Todo App Adding and removing multiple tasks" name="Todo App Adding and removing multiple tasks" time="0">
    </testcase>
  </testsuite>
</testsuites>